#
# There is insufficient memory for the Java Runtime Environment to continue.
# Native memory allocation (malloc) failed to allocate 1285520 bytes. Error detail: Chunk::new
# Possible reasons:
#   The system is out of physical RAM or swap space
#   This process is running with CompressedOops enabled, and the Java Heap may be blocking the growth of the native heap
# Possible solutions:
#   Reduce memory load on the system
#   Increase physical memory or swap space
#   Check if swap backing store is full
#   Decrease Java heap size (-Xmx/-Xms)
#   Decrease number of Java threads
#   Decrease Java thread stack sizes (-Xss)
#   Set larger code cache with -XX:ReservedCodeCacheSize=
#   JVM is running with Unscaled Compressed Oops mode in which the Java heap is
#     placed in the first 4GB address space. The Java Heap base address is the
#     maximum limit for the native heap growth. Please use -XX:HeapBaseMinAddress
#     to set the Java Heap base and to place the Java Heap above 4GB virtual address.
# This output file may be truncated or incomplete.
#
#  Out of Memory Error (arena.cpp:168), pid=24220, tid=21356
#
# JRE version: OpenJDK Runtime Environment Temurin-21.0.10+7 (21.0.10+7) (build 21.0.10+7-LTS)
# Java VM: OpenJDK 64-Bit Server VM Temurin-21.0.10+7 (21.0.10+7-LTS, mixed mode, sharing, tiered, compressed oops, compressed class ptrs, parallel gc, windows-amd64)
# No core dump will be written. Minidumps are not enabled by default on client versions of Windows
#

---------------  S U M M A R Y ------------

Command Line: --add-modules=ALL-SYSTEM --add-opens=java.base/java.util=ALL-UNNAMED --add-opens=java.base/java.lang=ALL-UNNAMED --add-opens=java.base/sun.nio.fs=ALL-UNNAMED -Declipse.application=org.eclipse.jdt.ls.core.id1 -Dosgi.bundles.defaultStartLevel=4 -Declipse.product=org.eclipse.jdt.ls.core.product -Djava.import.generatesMetadataFilesAtProjectRoot=false -DDetectVMInstallationsJob.disabled=true -Dfile.encoding=utf8 -XX:+UseParallelGC -XX:GCTimeRatio=4 -XX:AdaptiveSizePolicyWeight=90 -Dsun.zip.disableMemoryMapping=true -Xmx2G -Xms100m -Xlog:disable -javaagent:c:\Users\krist\.vscode\extensions\redhat.java-1.54.0-win32-x64\lombok\lombok-1.18.39-4050.jar -XX:+HeapDumpOnOutOfMemoryError -XX:HeapDumpPath=c:\Users\krist\AppData\Roaming\Code\User\workspaceStorage\38a7f1b2e65007903dc2c9d534caed89\redhat.java -Daether.dependencyCollector.impl=bf c:\Users\krist\.vscode\extensions\redhat.java-1.54.0-win32-x64\server\plugins\org.eclipse.equinox.launcher_1.7.100.v20251111-0406.jar -configuration c:\Users\krist\AppData\Roaming\Code\User\globalStorage\redhat.java\1.54.0\config_win -data c:\Users\krist\AppData\Roaming\Code\User\workspaceStorage\38a7f1b2e65007903dc2c9d534caed89\redhat.java\jdt_ws --pipe=\\.\pipe\lsp-b19eed0e1c56894baa4fdbbf0ad98b04-sock

Host: AMD Ryzen 5 5500U with Radeon Graphics         , 12 cores, 7G,  Windows 11 , 64 bit Build 26100 (10.0.26100.8246)
Time: Wed Apr 29 14:57:33 2026 Central European Summer Time elapsed time: 256.590176 seconds (0d 0h 4m 16s)

---------------  T H R E A D  ---------------

Current thread (0x0000018d48c5d730):  JavaThread "C2 CompilerThread0" daemon [_thread_in_native, id=21356, stack(0x0000001c75200000,0x0000001c75300000) (1024K)]


Current CompileTask:
C2:256590 16186       4       org.eclipse.jdt.internal.compiler.lookup.ModuleBinding::getVisiblePackage (472 bytes)

Stack: [0x0000001c75200000,0x0000001c75300000]
Native frames: (J=compiled Java code, j=interpreted, Vv=VM code, C=native code)
V  [jvm.dll+0x6d7a39]
V  [jvm.dll+0x8b4b26]
V  [jvm.dll+0x8b70de]
V  [jvm.dll+0x8b77c3]
V  [jvm.dll+0x284346]
V  [jvm.dll+0xc66ed]
V  [jvm.dll+0xc6c31]
V  [jvm.dll+0x3bec3b]
V  [jvm.dll+0x1e3d62]
V  [jvm.dll+0x24c6b3]
V  [jvm.dll+0x24bb40]
V  [jvm.dll+0x1cb34e]
V  [jvm.dll+0x25b85d]
V  [jvm.dll+0x259dea]
V  [jvm.dll+0x3f857e]
V  [jvm.dll+0x85f59d]
V  [jvm.dll+0x6d626d]
C  [ucrtbase.dll+0x37b0]
C  [KERNEL32.DLL+0x2e8d7]
C  [ntdll.dll+0x8c3fc]


---------------  P R O C E S S  ---------------

Threads class SMR info:
_java_thread_list=0x0000018d6a5d0880, length=77, elements={
0x0000018d4683be70, 0x0000018d5f64e8d0, 0x0000018d48c48910, 0x0000018d48c4f480,
0x0000018d48c500e0, 0x0000018d48c53910, 0x0000018d48c572b0, 0x0000018d48c5d730,
0x0000018d609be4f0, 0x0000018d60b9b090, 0x0000018d60cc3fa0, 0x0000018d667f5130,
0x0000018d669ed850, 0x0000018d66755770, 0x0000018d6697a1a0, 0x0000018d66af6a80,
0x0000018d66feefc0, 0x0000018d6669dc70, 0x0000018d6669f6b0, 0x0000018d666a03d0,
0x0000018d6669cf50, 0x0000018d6669d5e0, 0x0000018d69f320c0, 0x0000018d69f32de0,
0x0000018d69f33470, 0x0000018d69f34190, 0x0000018d69f34eb0, 0x0000018d69f31a30,
0x0000018d69f35540, 0x0000018d69f34820, 0x0000018d69f35bd0, 0x0000018d69f32750,
0x0000018d69f368f0, 0x0000018d69f36260, 0x0000018d69f36f80, 0x0000018d69f33b00,
0x0000018d69f37610, 0x0000018d69f37ca0, 0x0000018d677b7da0, 0x0000018d677b8430,
0x0000018d677b4fb0, 0x0000018d677b5640, 0x0000018d677b5cd0, 0x0000018d677b9e70,
0x0000018d677b97e0, 0x0000018d677bbf40, 0x0000018d677bb220, 0x0000018d677bb8b0,
0x0000018d69f39050, 0x0000018d69f38330, 0x0000018d688da890, 0x0000018d688d94e0,
0x0000018d688d7aa0, 0x0000018d688daf20, 0x0000018d688d9b70, 0x0000018d688d87c0,
0x0000018d688da200, 0x0000018d688db5b0, 0x0000018d688d8130, 0x0000018d688dcff0,
0x0000018d688dc960, 0x0000018d688de3a0, 0x0000018d688dc2d0, 0x0000018d688dea30,
0x0000018d77d22e00, 0x0000018d77d23b20, 0x0000018d77d23490, 0x0000018d77d220e0,
0x0000018d77d241b0, 0x0000018d77d24ed0, 0x0000018d79aad5d0, 0x0000018d79aaa150,
0x0000018d79aabb90, 0x0000018d79aaa7e0, 0x0000018d79aac220, 0x0000018d79aab500,
0x0000018d6602bc70
}

Java Threads: ( => current thread )
  0x0000018d4683be70 JavaThread "main"                              [_thread_blocked, id=22416, stack(0x0000001c74800000,0x0000001c74900000) (1024K)]
  0x0000018d5f64e8d0 JavaThread "Reference Handler"          daemon [_thread_blocked, id=9884, stack(0x0000001c74c00000,0x0000001c74d00000) (1024K)]
  0x0000018d48c48910 JavaThread "Finalizer"                  daemon [_thread_blocked, id=23724, stack(0x0000001c74d00000,0x0000001c74e00000) (1024K)]
  0x0000018d48c4f480 JavaThread "Signal Dispatcher"          daemon [_thread_blocked, id=15620, stack(0x0000001c74e00000,0x0000001c74f00000) (1024K)]
  0x0000018d48c500e0 JavaThread "Attach Listener"            daemon [_thread_blocked, id=16792, stack(0x0000001c74f00000,0x0000001c75000000) (1024K)]
  0x0000018d48c53910 JavaThread "Service Thread"             daemon [_thread_blocked, id=24540, stack(0x0000001c75000000,0x0000001c75100000) (1024K)]
  0x0000018d48c572b0 JavaThread "Monitor Deflation Thread"   daemon [_thread_blocked, id=24484, stack(0x0000001c75100000,0x0000001c75200000) (1024K)]
=>0x0000018d48c5d730 JavaThread "C2 CompilerThread0"         daemon [_thread_in_native, id=21356, stack(0x0000001c75200000,0x0000001c75300000) (1024K)]
  0x0000018d609be4f0 JavaThread "C1 CompilerThread0"         daemon [_thread_blocked, id=17948, stack(0x0000001c75300000,0x0000001c75400000) (1024K)]
  0x0000018d60b9b090 JavaThread "Common-Cleaner"             daemon [_thread_blocked, id=24536, stack(0x0000001c75400000,0x0000001c75500000) (1024K)]
  0x0000018d60cc3fa0 JavaThread "Notification Thread"        daemon [_thread_blocked, id=9768, stack(0x0000001c75600000,0x0000001c75700000) (1024K)]
  0x0000018d667f5130 JavaThread "Active Thread: Equinox Container: e437bba9-1676-41cb-ad46-1366452cd92a"        [_thread_blocked, id=24520, stack(0x0000001c75500000,0x0000001c75600000) (1024K)]
  0x0000018d669ed850 JavaThread "Refresh Thread: Equinox Container: e437bba9-1676-41cb-ad46-1366452cd92a" daemon [_thread_blocked, id=23996, stack(0x0000001c75e00000,0x0000001c75f00000) (1024K)]
  0x0000018d66755770 JavaThread "Framework Event Dispatcher: Equinox Container: e437bba9-1676-41cb-ad46-1366452cd92a" daemon [_thread_blocked, id=23972, stack(0x0000001c75f00000,0x0000001c76000000) (1024K)]
  0x0000018d6697a1a0 JavaThread "Start Level: Equinox Container: e437bba9-1676-41cb-ad46-1366452cd92a" daemon [_thread_blocked, id=23792, stack(0x0000001c76000000,0x0000001c76100000) (1024K)]
  0x0000018d66af6a80 JavaThread "Bundle File Closer"         daemon [_thread_blocked, id=14296, stack(0x0000001c76300000,0x0000001c76400000) (1024K)]
  0x0000018d66feefc0 JavaThread "SCR Component Actor"        daemon [_thread_blocked, id=22688, stack(0x0000001c76400000,0x0000001c76500000) (1024K)]
  0x0000018d6669dc70 JavaThread "Worker-JM"                         [_thread_blocked, id=24236, stack(0x0000001c76500000,0x0000001c76600000) (1024K)]
  0x0000018d6669f6b0 JavaThread "Java indexing"              daemon [_thread_blocked, id=24328, stack(0x0000001c76b00000,0x0000001c76c00000) (1024K)]
  0x0000018d666a03d0 JavaThread "JNA Cleaner"                daemon [_thread_blocked, id=22732, stack(0x0000001c76d00000,0x0000001c76e00000) (1024K)]
  0x0000018d6669cf50 JavaThread "Worker-4: Publish Diagnostics"        [_thread_blocked, id=14196, stack(0x0000001c77000000,0x0000001c77100000) (1024K)]
  0x0000018d6669d5e0 JavaThread "Worker-5"                          [_thread_blocked, id=17664, stack(0x0000001c77100000,0x0000001c77200000) (1024K)]
  0x0000018d69f320c0 JavaThread "Thread-1"                   daemon [_thread_in_native, id=11576, stack(0x0000001c77200000,0x0000001c77300000) (1024K)]
  0x0000018d69f32de0 JavaThread "Thread-2"                   daemon [_thread_in_native, id=8820, stack(0x0000001c77300000,0x0000001c77400000) (1024K)]
  0x0000018d69f33470 JavaThread "Thread-3"                   daemon [_thread_in_native, id=16556, stack(0x0000001c77400000,0x0000001c77500000) (1024K)]
  0x0000018d69f34190 JavaThread "Thread-4"                   daemon [_thread_in_native, id=16600, stack(0x0000001c77500000,0x0000001c77600000) (1024K)]
  0x0000018d69f34eb0 JavaThread "Thread-5"                   daemon [_thread_in_native, id=17676, stack(0x0000001c77600000,0x0000001c77700000) (1024K)]
  0x0000018d69f31a30 JavaThread "Thread-6"                   daemon [_thread_in_native, id=17300, stack(0x0000001c77700000,0x0000001c77800000) (1024K)]
  0x0000018d69f35540 JavaThread "Thread-7"                   daemon [_thread_in_native, id=17328, stack(0x0000001c77800000,0x0000001c77900000) (1024K)]
  0x0000018d69f34820 JavaThread "Thread-8"                   daemon [_thread_in_native, id=17324, stack(0x0000001c77900000,0x0000001c77a00000) (1024K)]
  0x0000018d69f35bd0 JavaThread "Thread-9"                   daemon [_thread_in_native, id=16772, stack(0x0000001c77a00000,0x0000001c77b00000) (1024K)]
  0x0000018d69f32750 JavaThread "Thread-10"                  daemon [_thread_in_native, id=17672, stack(0x0000001c77b00000,0x0000001c77c00000) (1024K)]
  0x0000018d69f368f0 JavaThread "Thread-11"                  daemon [_thread_in_native, id=17312, stack(0x0000001c77c00000,0x0000001c77d00000) (1024K)]
  0x0000018d69f36260 JavaThread "Thread-12"                  daemon [_thread_in_native, id=17668, stack(0x0000001c77d00000,0x0000001c77e00000) (1024K)]
  0x0000018d69f36f80 JavaThread "Thread-13"                  daemon [_thread_in_native, id=16744, stack(0x0000001c77e00000,0x0000001c77f00000) (1024K)]
  0x0000018d69f33b00 JavaThread "pool-2-thread-1"                   [_thread_blocked, id=17704, stack(0x0000001c77f00000,0x0000001c78000000) (1024K)]
  0x0000018d69f37610 JavaThread "WorkspaceEventsHandler"            [_thread_blocked, id=17296, stack(0x0000001c78100000,0x0000001c78200000) (1024K)]
  0x0000018d69f37ca0 JavaThread "pool-1-thread-1"                   [_thread_blocked, id=17316, stack(0x0000001c78200000,0x0000001c78300000) (1024K)]
  0x0000018d677b7da0 JavaThread "ForkJoinPool.commonPool-worker-1" daemon [_thread_blocked, id=23740, stack(0x0000001c78300000,0x0000001c78400000) (1024K)]
  0x0000018d677b8430 JavaThread "ForkJoinPool.commonPool-worker-2" daemon [_thread_blocked, id=24032, stack(0x0000001c76c00000,0x0000001c76d00000) (1024K)]
  0x0000018d677b4fb0 JavaThread "ForkJoinPool.commonPool-worker-3" daemon [_thread_blocked, id=24368, stack(0x0000001c78400000,0x0000001c78500000) (1024K)]
  0x0000018d677b5640 JavaThread "ForkJoinPool.commonPool-worker-4" daemon [_thread_blocked, id=24424, stack(0x0000001c78500000,0x0000001c78600000) (1024K)]
  0x0000018d677b5cd0 JavaThread "LocalFile Deleter"          daemon [_thread_blocked, id=22956, stack(0x0000001c78900000,0x0000001c78a00000) (1024K)]
  0x0000018d677b9e70 JavaThread "LocalFile Deleter"          daemon [_thread_blocked, id=24448, stack(0x0000001c78b00000,0x0000001c78c00000) (1024K)]
  0x0000018d677b97e0 JavaThread "LocalFile Deleter"          daemon [_thread_blocked, id=6396, stack(0x0000001c78d00000,0x0000001c78e00000) (1024K)]
  0x0000018d677bbf40 JavaThread "LocalFile Deleter"          daemon [_thread_blocked, id=17616, stack(0x0000001c78f00000,0x0000001c79000000) (1024K)]
  0x0000018d677bb220 JavaThread "LocalFile Deleter"          daemon [_thread_blocked, id=9280, stack(0x0000001c79000000,0x0000001c79100000) (1024K)]
  0x0000018d677bb8b0 JavaThread "LocalFile Deleter"          daemon [_thread_blocked, id=18540, stack(0x0000001c79100000,0x0000001c79200000) (1024K)]
  0x0000018d69f39050 JavaThread "LocalFile Deleter"          daemon [_thread_blocked, id=2856, stack(0x0000001c79200000,0x0000001c79300000) (1024K)]
  0x0000018d69f38330 JavaThread "LocalFile Deleter"          daemon [_thread_blocked, id=9176, stack(0x0000001c79300000,0x0000001c79400000) (1024K)]
  0x0000018d688da890 JavaThread "Compiler Source File Reader" daemon [_thread_blocked, id=24292, stack(0x0000001c79400000,0x0000001c79500000) (1024K)]
  0x0000018d688d94e0 JavaThread "Compiler Source File Reader" daemon [_thread_blocked, id=14736, stack(0x0000001c79500000,0x0000001c79600000) (1024K)]
  0x0000018d688d7aa0 JavaThread "Compiler Source File Reader" daemon [_thread_blocked, id=23896, stack(0x0000001c79600000,0x0000001c79700000) (1024K)]
  0x0000018d688daf20 JavaThread "Compiler Source File Reader" daemon [_thread_blocked, id=22804, stack(0x0000001c79700000,0x0000001c79800000) (1024K)]
  0x0000018d688d9b70 JavaThread "Compiler Source File Reader" daemon [_thread_blocked, id=24136, stack(0x0000001c79800000,0x0000001c79900000) (1024K)]
  0x0000018d688d87c0 JavaThread "Compiler Source File Reader" daemon [_thread_blocked, id=24524, stack(0x0000001c79900000,0x0000001c79a00000) (1024K)]
  0x0000018d688da200 JavaThread "Compiler Source File Reader" daemon [_thread_blocked, id=9816, stack(0x0000001c79a00000,0x0000001c79b00000) (1024K)]
  0x0000018d688db5b0 JavaThread "Compiler Source File Reader" daemon [_thread_blocked, id=23900, stack(0x0000001c79b00000,0x0000001c79c00000) (1024K)]
  0x0000018d688d8130 JavaThread "Compiler Source File Reader" daemon [_thread_blocked, id=24156, stack(0x0000001c79c00000,0x0000001c79d00000) (1024K)]
  0x0000018d688dcff0 JavaThread "Compiler Source File Reader" daemon [_thread_blocked, id=24260, stack(0x0000001c79d00000,0x0000001c79e00000) (1024K)]
  0x0000018d688dc960 JavaThread "Compiler Class File Writer" daemon [_thread_blocked, id=24228, stack(0x0000001c79f00000,0x0000001c7a000000) (1024K)]
  0x0000018d688de3a0 JavaThread "Compiler Class File Writer" daemon [_thread_blocked, id=24296, stack(0x0000001c7a000000,0x0000001c7a100000) (1024K)]
  0x0000018d688dc2d0 JavaThread "Compiler Class File Writer" daemon [_thread_blocked, id=24148, stack(0x0000001c7a100000,0x0000001c7a200000) (1024K)]
  0x0000018d688dea30 JavaThread "Compiler Class File Writer" daemon [_thread_blocked, id=24200, stack(0x0000001c7a200000,0x0000001c7a300000) (1024K)]
  0x0000018d77d22e00 JavaThread "Compiler Class File Writer" daemon [_thread_blocked, id=10068, stack(0x0000001c7a300000,0x0000001c7a400000) (1024K)]
  0x0000018d77d23b20 JavaThread "Compiler Class File Writer" daemon [_thread_blocked, id=17528, stack(0x0000001c7a400000,0x0000001c7a500000) (1024K)]
  0x0000018d77d23490 JavaThread "Compiler Class File Writer" daemon [_thread_blocked, id=2140, stack(0x0000001c7a500000,0x0000001c7a600000) (1024K)]
  0x0000018d77d220e0 JavaThread "Compiler Class File Writer" daemon [_thread_blocked, id=2452, stack(0x0000001c7a600000,0x0000001c7a700000) (1024K)]
  0x0000018d77d241b0 JavaThread "Compiler Class File Writer" daemon [_thread_blocked, id=7716, stack(0x0000001c7a700000,0x0000001c7a800000) (1024K)]
  0x0000018d77d24ed0 JavaThread "Compiler Class File Writer" daemon [_thread_blocked, id=16464, stack(0x0000001c7a800000,0x0000001c7a900000) (1024K)]
  0x0000018d79aad5d0 JavaThread "ForkJoinPool.commonPool-worker-7" daemon [_thread_blocked, id=27484, stack(0x0000001c74600000,0x0000001c74700000) (1024K)]
  0x0000018d79aaa150 JavaThread "ForkJoinPool.commonPool-worker-6" daemon [_thread_blocked, id=27480, stack(0x0000001c74700000,0x0000001c74800000) (1024K)]
  0x0000018d79aabb90 JavaThread "ForkJoinPool.commonPool-worker-8" daemon [_thread_blocked, id=19316, stack(0x0000001c76800000,0x0000001c76900000) (1024K)]
  0x0000018d79aaa7e0 JavaThread "ForkJoinPool.commonPool-worker-9" daemon [_thread_blocked, id=18748, stack(0x0000001c78700000,0x0000001c78800000) (1024K)]
  0x0000018d79aac220 JavaThread "ForkJoinPool.commonPool-worker-11" daemon [_thread_blocked, id=24204, stack(0x0000001c78800000,0x0000001c78900000) (1024K)]
  0x0000018d79aab500 JavaThread "Worker-6"                          [_thread_blocked, id=14700, stack(0x0000001c74500000,0x0000001c74600000) (1024K)]
  0x0000018d6602bc70 JavaThread "C2 CompilerThread1"         daemon [_thread_blocked, id=26892, stack(0x0000001c76600000,0x0000001c76700000) (1024K)]
Total: 77

Other Threads:
  0x0000018d5f634540 VMThread "VM Thread"                           [id=24432, stack(0x0000001c74b00000,0x0000001c74c00000) (1024K)]
  0x0000018d46843b90 WatcherThread "VM Periodic Task Thread"        [id=24452, stack(0x0000001c74a00000,0x0000001c74b00000) (1024K)]
  0x0000018d48bc3160 WorkerThread "GC Thread#0"                     [id=24340, stack(0x0000001c74900000,0x0000001c74a00000) (1024K)]
  0x0000018d666cac10 WorkerThread "GC Thread#1"                     [id=13560, stack(0x0000001c75800000,0x0000001c75900000) (1024K)]
  0x0000018d6607af70 WorkerThread "GC Thread#2"                     [id=17596, stack(0x0000001c75900000,0x0000001c75a00000) (1024K)]
  0x0000018d6607b320 WorkerThread "GC Thread#3"                     [id=9840, stack(0x0000001c75a00000,0x0000001c75b00000) (1024K)]
  0x0000018d6607b6d0 WorkerThread "GC Thread#4"                     [id=13604, stack(0x0000001c75b00000,0x0000001c75c00000) (1024K)]
  0x0000018d6607ba80 WorkerThread "GC Thread#5"                     [id=24480, stack(0x0000001c75c00000,0x0000001c75d00000) (1024K)]
  0x0000018d6607be30 WorkerThread "GC Thread#6"                     [id=14936, stack(0x0000001c75d00000,0x0000001c75e00000) (1024K)]
  0x0000018d667b9a40 WorkerThread "GC Thread#7"                     [id=24000, stack(0x0000001c75700000,0x0000001c75800000) (1024K)]
  0x0000018d66e58010 WorkerThread "GC Thread#8"                     [id=23728, stack(0x0000001c76100000,0x0000001c76200000) (1024K)]
  0x0000018d6642b880 WorkerThread "GC Thread#9"                     [id=23844, stack(0x0000001c76200000,0x0000001c76300000) (1024K)]
Total: 12

Threads with active compile tasks:
C2 CompilerThread0  256767 16186       4       org.eclipse.jdt.internal.compiler.lookup.ModuleBinding::getVisiblePackage (472 bytes)
C2 CompilerThread1  256767 16437   !   4       lombok.core.configuration.FileSystemSourceCache::forUri (180 bytes)
Total: 2

VM state: at safepoint (normal execution)

VM Mutex/Monitor currently owned by a thread:  ([mutex/lock_event])
[0x00007ffd6a59e560] Threads_lock - owner thread: 0x0000018d5f634540
[0x00007ffd6a59e660] Heap_lock - owner thread: 0x0000018d6669cf50

Heap address: 0x0000000080000000, size: 2048 MB, Compressed Oops mode: 32-bit

CDS archive(s) mapped at: [0x0000018d00000000-0x0000018d00ba0000-0x0000018d00ba0000), size 12189696, SharedBaseAddress: 0x0000018d00000000, ArchiveRelocationMode: 1.
Compressed class space mapped at: 0x0000018d01000000-0x0000018d41000000, reserved size: 1073741824
Narrow klass base: 0x0000018d00000000, Narrow klass shift: 0, Narrow klass range: 0x100000000

GC Precious Log:
 CardTable entry size: 512
 CPUs: 12 total, 12 available
 Memory: 7563M
 Large Page Support: Disabled
 NUMA Support: Disabled
 Compressed Oops: Enabled (32-bit)
 Alignments: Space 512K, Generation 512K, Heap 2M
 Heap Min Capacity: 100M
 Heap Initial Capacity: 100M
 Heap Max Capacity: 2G
 Pre-touch: Disabled
 Parallel Workers: 10

Heap:
 PSYoungGen      total 3584K, used 494K [0x00000000d5580000, 0x00000000d5980000, 0x0000000100000000)
  eden space 3072K, 0% used [0x00000000d5580000,0x00000000d5580000,0x00000000d5880000)
  from space 512K, 96% used [0x00000000d5900000,0x00000000d597b828,0x00000000d5980000)
  to   space 512K, 0% used [0x00000000d5880000,0x00000000d5880000,0x00000000d5900000)
 ParOldGen       total 846848K, used 846386K [0x0000000080000000, 0x00000000b3b00000, 0x00000000d5580000)
  object space 846848K, 99% used [0x0000000080000000,0x00000000b3a8c838,0x00000000b3b00000)
 Metaspace       used 75821K, committed 77440K, reserved 1179648K
  class space    used 7901K, committed 8576K, reserved 1048576K

Card table byte_map: [0x0000018d48540000,0x0000018d48950000] _byte_map_base: 0x0000018d48140000

Marking Bits: (ParMarkBitMap*) 0x00007ffd6a5a3450
 Begin Bits: [0x0000018d5b050000, 0x0000018d5d050000)
 End Bits:   [0x0000018d5d050000, 0x0000018d5f050000)

Polling page: 0x0000018d46de0000

Metaspace:

Usage:
  Non-class:     66.33 MB used.
      Class:      7.72 MB used.
       Both:     74.04 MB used.

Virtual space:
  Non-class space:      128.00 MB reserved,      67.25 MB ( 53%) committed,  2 nodes.
      Class space:        1.00 GB reserved,       8.38 MB ( <1%) committed,  1 nodes.
             Both:        1.12 GB reserved,      75.62 MB (  7%) committed. 

Chunk freelists:
   Non-Class:  12.30 MB
       Class:  7.65 MB
        Both:  19.95 MB

MaxMetaspaceSize: unlimited
CompressedClassSpaceSize: 1.00 GB
Initial GC threshold: 21.00 MB
Current GC threshold: 97.31 MB
CDS: on
 - commit_granule_bytes: 65536.
 - commit_granule_words: 8192.
 - virtual_space_node_default_size: 8388608.
 - enlarge_chunks_in_place: 1.
 - use_allocation_guard: 0.


Internal statistics:

num_allocs_failed_limit: 9.
num_arena_births: 1396.
num_arena_deaths: 36.
num_vsnodes_births: 3.
num_vsnodes_deaths: 0.
num_space_committed: 1210.
num_space_uncommitted: 0.
num_chunks_returned_to_freelist: 52.
num_chunks_taken_from_freelist: 4918.
num_chunk_merges: 11.
num_chunk_splits: 2958.
num_chunks_enlarged: 1634.
num_inconsistent_stats: 0.

CodeHeap 'non-profiled nmethods': size=120000Kb used=13227Kb max_used=13227Kb free=106772Kb
 bounds [0x0000018d53870000, 0x0000018d54560000, 0x0000018d5ada0000]
CodeHeap 'profiled nmethods': size=120000Kb used=36977Kb max_used=36977Kb free=83023Kb
 bounds [0x0000018d4bda0000, 0x0000018d4e1c0000, 0x0000018d532d0000]
CodeHeap 'non-nmethods': size=5760Kb used=1481Kb max_used=1599Kb free=4278Kb
 bounds [0x0000018d532d0000, 0x0000018d53540000, 0x0000018d53870000]
CodeCache: size=245760Kb, used=51685Kb, max_used=51803Kb, free=194073Kb
 total_blobs=16464, nmethods=15666, adapters=701, full_count=0
Compilation: enabled, stopped_count=0, restarted_count=0

Compilation events (20 events):
Event: 254.906 Thread 0x0000018d609be4f0 16419       2       org.eclipse.jdt.internal.compiler.SourceElementParser::consumeNormalAnnotation (66 bytes)
Event: 254.907 Thread 0x0000018d609be4f0 nmethod 16419 0x0000018d4e197a90 code [0x0000018d4e197c60, 0x0000018d4e197ee8]
Event: 254.908 Thread 0x0000018d609be4f0 16420       3       java.lang.invoke.LambdaForm$MH/0x0000018d017b1000::invoke (63 bytes)
Event: 254.916 Thread 0x0000018d609be4f0 nmethod 16420 0x0000018d4e198090 code [0x0000018d4e198380, 0x0000018d4e1995b0]
Event: 254.921 Thread 0x0000018d609be4f0 16421       2       org.eclipse.jdt.internal.core.CompilationUnitStructureRequestor::getMemberValuePairs (37 bytes)
Event: 254.922 Thread 0x0000018d609be4f0 nmethod 16421 0x0000018d4e199b90 code [0x0000018d4e199d40, 0x0000018d4e19a078]
Event: 254.922 Thread 0x0000018d609be4f0 16422       1       org.eclipse.jdt.internal.core.SourceFieldElementInfo::getInitializationSource (5 bytes)
Event: 254.922 Thread 0x0000018d609be4f0 nmethod 16422 0x0000018d5454aa90 code [0x0000018d5454ac20, 0x0000018d5454ace8]
Event: 254.922 Thread 0x0000018d609be4f0 16423       3       org.eclipse.jdt.internal.core.SourceRefElement::equals (40 bytes)
Event: 254.923 Thread 0x0000018d609be4f0 nmethod 16423 0x0000018d4e19a210 code [0x0000018d4e19a3e0, 0x0000018d4e19a818]
Event: 254.923 Thread 0x0000018d609be4f0 16424       2       org.eclipse.jdt.internal.core.Annotation::equals (55 bytes)
Event: 254.923 Thread 0x0000018d609be4f0 nmethod 16424 0x0000018d4e19a910 code [0x0000018d4e19aae0, 0x0000018d4e19ad90]
Event: 254.953 Thread 0x0000018d48c5d730 nmethod 16227 0x0000018d5454ad90 code [0x0000018d5454b340, 0x0000018d5454de00]
Event: 254.953 Thread 0x0000018d48c5d730 16182       4       java.util.ImmutableCollections$AbstractImmutableList::equals (89 bytes)
Event: 254.981 Thread 0x0000018d48c5d730 nmethod 16182 0x0000018d54552010 code [0x0000018d54552260, 0x0000018d54552d68]
Event: 254.981 Thread 0x0000018d48c5d730 16186       4       org.eclipse.jdt.internal.compiler.lookup.ModuleBinding::getVisiblePackage (472 bytes)
Event: 255.686 Thread 0x0000018d609be4f0 16425       2       org.eclipse.jdt.internal.core.JavaProject::getRawClasspath (38 bytes)
Event: 255.689 Thread 0x0000018d609be4f0 nmethod 16425 0x0000018d4e19af10 code [0x0000018d4e19b100, 0x0000018d4e19b4e8]
Event: 255.689 Thread 0x0000018d609be4f0 16427       3       org.eclipse.jdt.internal.compiler.classfmt.ModuleInfo::readModuleAttribute (1166 bytes)
Event: 256.553 Thread 0x0000018d609be4f0 nmethod 16427 0x0000018d4e19b790 code [0x0000018d4e19be80, 0x0000018d4e1a2490]

GC Heap History (20 events):
Event: 254.430 GC heap before
{Heap before GC invocations=1459 (full 3):
 PSYoungGen      total 2560K, used 2555K [0x00000000d5580000, 0x00000000d5a80000, 0x0000000100000000)
  eden space 2048K, 100% used [0x00000000d5580000,0x00000000d5780000,0x00000000d5780000)
  from space 512K, 99% used [0x00000000d5800000,0x00000000d587ed80,0x00000000d5880000)
  to   space 1536K, 0% used [0x00000000d5900000,0x00000000d5900000,0x00000000d5a80000)
 ParOldGen       total 842752K, used 842713K [0x0000000080000000, 0x00000000b3700000, 0x00000000d5580000)
  object space 842752K, 99% used [0x0000000080000000,0x00000000b36f65f8,0x00000000b3700000)
 Metaspace       used 75663K, committed 77312K, reserved 1179648K
  class space    used 7901K, committed 8576K, reserved 1048576K
}
Event: 254.437 GC heap after
{Heap after GC invocations=1459 (full 3):
 PSYoungGen      total 2560K, used 352K [0x00000000d5580000, 0x00000000d5980000, 0x0000000100000000)
  eden space 2048K, 0% used [0x00000000d5580000,0x00000000d5580000,0x00000000d5780000)
  from space 512K, 68% used [0x00000000d5900000,0x00000000d5958000,0x00000000d5980000)
  to   space 1024K, 0% used [0x00000000d5780000,0x00000000d5780000,0x00000000d5880000)
 ParOldGen       total 843264K, used 843201K [0x0000000080000000, 0x00000000b3780000, 0x00000000d5580000)
  object space 843264K, 99% used [0x0000000080000000,0x00000000b3770708,0x00000000b3780000)
 Metaspace       used 75663K, committed 77312K, reserved 1179648K
  class space    used 7901K, committed 8576K, reserved 1048576K
}
Event: 254.462 GC heap before
{Heap before GC invocations=1460 (full 3):
 PSYoungGen      total 2560K, used 2400K [0x00000000d5580000, 0x00000000d5980000, 0x0000000100000000)
  eden space 2048K, 100% used [0x00000000d5580000,0x00000000d5780000,0x00000000d5780000)
  from space 512K, 68% used [0x00000000d5900000,0x00000000d5958000,0x00000000d5980000)
  to   space 1024K, 0% used [0x00000000d5780000,0x00000000d5780000,0x00000000d5880000)
 ParOldGen       total 843264K, used 843201K [0x0000000080000000, 0x00000000b3780000, 0x00000000d5580000)
  object space 843264K, 99% used [0x0000000080000000,0x00000000b3770708,0x00000000b3780000)
 Metaspace       used 75671K, committed 77312K, reserved 1179648K
  class space    used 7901K, committed 8576K, reserved 1048576K
}
Event: 254.465 GC heap after
{Heap after GC invocations=1460 (full 3):
 PSYoungGen      total 3072K, used 352K [0x00000000d5580000, 0x00000000d5980000, 0x0000000100000000)
  eden space 2048K, 0% used [0x00000000d5580000,0x00000000d5580000,0x00000000d5780000)
  from space 1024K, 34% used [0x00000000d5780000,0x00000000d57d8000,0x00000000d5880000)
  to   space 512K, 0% used [0x00000000d5900000,0x00000000d5900000,0x00000000d5980000)
 ParOldGen       total 843776K, used 843289K [0x0000000080000000, 0x00000000b3800000, 0x00000000d5580000)
  object space 843776K, 99% used [0x0000000080000000,0x00000000b3786718,0x00000000b3800000)
 Metaspace       used 75671K, committed 77312K, reserved 1179648K
  class space    used 7901K, committed 8576K, reserved 1048576K
}
Event: 254.510 GC heap before
{Heap before GC invocations=1461 (full 3):
 PSYoungGen      total 3072K, used 2400K [0x00000000d5580000, 0x00000000d5980000, 0x0000000100000000)
  eden space 2048K, 100% used [0x00000000d5580000,0x00000000d5780000,0x00000000d5780000)
  from space 1024K, 34% used [0x00000000d5780000,0x00000000d57d8000,0x00000000d5880000)
  to   space 512K, 0% used [0x00000000d5900000,0x00000000d5900000,0x00000000d5980000)
 ParOldGen       total 843776K, used 843289K [0x0000000080000000, 0x00000000b3800000, 0x00000000d5580000)
  object space 843776K, 99% used [0x0000000080000000,0x00000000b3786718,0x00000000b3800000)
 Metaspace       used 75714K, committed 77312K, reserved 1179648K
  class space    used 7901K, committed 8576K, reserved 1048576K
}
Event: 254.513 GC heap after
{Heap after GC invocations=1461 (full 3):
 PSYoungGen      total 2560K, used 436K [0x00000000d5580000, 0x00000000d5980000, 0x0000000100000000)
  eden space 2048K, 0% used [0x00000000d5580000,0x00000000d5580000,0x00000000d5780000)
  from space 512K, 85% used [0x00000000d5900000,0x00000000d596d200,0x00000000d5980000)
  to   space 512K, 0% used [0x00000000d5880000,0x00000000d5880000,0x00000000d5900000)
 ParOldGen       total 843776K, used 843369K [0x0000000080000000, 0x00000000b3800000, 0x00000000d5580000)
  object space 843776K, 99% used [0x0000000080000000,0x00000000b379a718,0x00000000b3800000)
 Metaspace       used 75714K, committed 77312K, reserved 1179648K
  class space    used 7901K, committed 8576K, reserved 1048576K
}
Event: 254.536 GC heap before
{Heap before GC invocations=1462 (full 3):
 PSYoungGen      total 2560K, used 2484K [0x00000000d5580000, 0x00000000d5980000, 0x0000000100000000)
  eden space 2048K, 100% used [0x00000000d5580000,0x00000000d5780000,0x00000000d5780000)
  from space 512K, 85% used [0x00000000d5900000,0x00000000d596d200,0x00000000d5980000)
  to   space 512K, 0% used [0x00000000d5880000,0x00000000d5880000,0x00000000d5900000)
 ParOldGen       total 843776K, used 843369K [0x0000000080000000, 0x00000000b3800000, 0x00000000d5580000)
  object space 843776K, 99% used [0x0000000080000000,0x00000000b379a718,0x00000000b3800000)
 Metaspace       used 75736K, committed 77376K, reserved 1179648K
  class space    used 7901K, committed 8576K, reserved 1048576K
}
Event: 254.540 GC heap after
{Heap after GC invocations=1462 (full 3):
 PSYoungGen      total 2560K, used 240K [0x00000000d5580000, 0x00000000d5980000, 0x0000000100000000)
  eden space 2048K, 0% used [0x00000000d5580000,0x00000000d5580000,0x00000000d5780000)
  from space 512K, 46% used [0x00000000d5880000,0x00000000d58bc010,0x00000000d5900000)
  to   space 512K, 0% used [0x00000000d5900000,0x00000000d5900000,0x00000000d5980000)
 ParOldGen       total 843776K, used 843661K [0x0000000080000000, 0x00000000b3800000, 0x00000000d5580000)
  object space 843776K, 99% used [0x0000000080000000,0x00000000b37e3698,0x00000000b3800000)
 Metaspace       used 75736K, committed 77376K, reserved 1179648K
  class space    used 7901K, committed 8576K, reserved 1048576K
}
Event: 254.556 GC heap before
{Heap before GC invocations=1463 (full 3):
 PSYoungGen      total 2560K, used 2288K [0x00000000d5580000, 0x00000000d5980000, 0x0000000100000000)
  eden space 2048K, 100% used [0x00000000d5580000,0x00000000d5780000,0x00000000d5780000)
  from space 512K, 46% used [0x00000000d5880000,0x00000000d58bc010,0x00000000d5900000)
  to   space 512K, 0% used [0x00000000d5900000,0x00000000d5900000,0x00000000d5980000)
 ParOldGen       total 843776K, used 843661K [0x0000000080000000, 0x00000000b3800000, 0x00000000d5580000)
  object space 843776K, 99% used [0x0000000080000000,0x00000000b37e3698,0x00000000b3800000)
 Metaspace       used 75737K, committed 77376K, reserved 1179648K
  class space    used 7901K, committed 8576K, reserved 1048576K
}
Event: 254.566 GC heap after
{Heap after GC invocations=1463 (full 3):
 PSYoungGen      total 2560K, used 384K [0x00000000d5580000, 0x00000000d5980000, 0x0000000100000000)
  eden space 2048K, 0% used [0x00000000d5580000,0x00000000d5580000,0x00000000d5780000)
  from space 512K, 75% used [0x00000000d5900000,0x00000000d5960000,0x00000000d5980000)
  to   space 512K, 0% used [0x00000000d5880000,0x00000000d5880000,0x00000000d5900000)
 ParOldGen       total 844288K, used 843810K [0x0000000080000000, 0x00000000b3880000, 0x00000000d5580000)
  object space 844288K, 99% used [0x0000000080000000,0x00000000b3808988,0x00000000b3880000)
 Metaspace       used 75737K, committed 77376K, reserved 1179648K
  class space    used 7901K, committed 8576K, reserved 1048576K
}
Event: 254.586 GC heap before
{Heap before GC invocations=1464 (full 3):
 PSYoungGen      total 2560K, used 2432K [0x00000000d5580000, 0x00000000d5980000, 0x0000000100000000)
  eden space 2048K, 100% used [0x00000000d5580000,0x00000000d5780000,0x00000000d5780000)
  from space 512K, 75% used [0x00000000d5900000,0x00000000d5960000,0x00000000d5980000)
  to   space 512K, 0% used [0x00000000d5880000,0x00000000d5880000,0x00000000d5900000)
 ParOldGen       total 844288K, used 843810K [0x0000000080000000, 0x00000000b3880000, 0x00000000d5580000)
  object space 844288K, 99% used [0x0000000080000000,0x00000000b3808988,0x00000000b3880000)
 Metaspace       used 75750K, committed 77376K, reserved 1179648K
  class space    used 7901K, committed 8576K, reserved 1048576K
}
Event: 254.593 GC heap after
{Heap after GC invocations=1464 (full 3):
 PSYoungGen      total 3072K, used 352K [0x00000000d5580000, 0x00000000d5980000, 0x0000000100000000)
  eden space 2560K, 0% used [0x00000000d5580000,0x00000000d5580000,0x00000000d5800000)
  from space 512K, 68% used [0x00000000d5880000,0x00000000d58d8000,0x00000000d5900000)
  to   space 512K, 0% used [0x00000000d5900000,0x00000000d5900000,0x00000000d5980000)
 ParOldGen       total 844288K, used 843994K [0x0000000080000000, 0x00000000b3880000, 0x00000000d5580000)
  object space 844288K, 99% used [0x0000000080000000,0x00000000b38369b8,0x00000000b3880000)
 Metaspace       used 75750K, committed 77376K, reserved 1179648K
  class space    used 7901K, committed 8576K, reserved 1048576K
}
Event: 254.608 GC heap before
{Heap before GC invocations=1465 (full 3):
 PSYoungGen      total 3072K, used 2912K [0x00000000d5580000, 0x00000000d5980000, 0x0000000100000000)
  eden space 2560K, 100% used [0x00000000d5580000,0x00000000d5800000,0x00000000d5800000)
  from space 512K, 68% used [0x00000000d5880000,0x00000000d58d8000,0x00000000d5900000)
  to   space 512K, 0% used [0x00000000d5900000,0x00000000d5900000,0x00000000d5980000)
 ParOldGen       total 844288K, used 843994K [0x0000000080000000, 0x00000000b3880000, 0x00000000d5580000)
  object space 844288K, 99% used [0x0000000080000000,0x00000000b38369b8,0x00000000b3880000)
 Metaspace       used 75752K, committed 77376K, reserved 1179648K
  class space    used 7901K, committed 8576K, reserved 1048576K
}
Event: 254.614 GC heap after
{Heap after GC invocations=1465 (full 3):
 PSYoungGen      total 3072K, used 512K [0x00000000d5580000, 0x00000000d5a80000, 0x0000000100000000)
  eden space 2560K, 0% used [0x00000000d5580000,0x00000000d5580000,0x00000000d5800000)
  from space 512K, 100% used [0x00000000d5900000,0x00000000d5980000,0x00000000d5980000)
  to   space 1024K, 0% used [0x00000000d5800000,0x00000000d5800000,0x00000000d5900000)
 ParOldGen       total 844800K, used 844298K [0x0000000080000000, 0x00000000b3900000, 0x00000000d5580000)
  object space 844800K, 99% used [0x0000000080000000,0x00000000b38829b8,0x00000000b3900000)
 Metaspace       used 75752K, committed 77376K, reserved 1179648K
  class space    used 7901K, committed 8576K, reserved 1048576K
}
Event: 254.642 GC heap before
{Heap before GC invocations=1466 (full 3):
 PSYoungGen      total 3072K, used 3072K [0x00000000d5580000, 0x00000000d5a80000, 0x0000000100000000)
  eden space 2560K, 100% used [0x00000000d5580000,0x00000000d5800000,0x00000000d5800000)
  from space 512K, 100% used [0x00000000d5900000,0x00000000d5980000,0x00000000d5980000)
  to   space 1024K, 0% used [0x00000000d5800000,0x00000000d5800000,0x00000000d5900000)
 ParOldGen       total 844800K, used 844298K [0x0000000080000000, 0x00000000b3900000, 0x00000000d5580000)
  object space 844800K, 99% used [0x0000000080000000,0x00000000b38829b8,0x00000000b3900000)
 Metaspace       used 75765K, committed 77376K, reserved 1179648K
  class space    used 7901K, committed 8576K, reserved 1048576K
}
Event: 254.647 GC heap after
{Heap after GC invocations=1466 (full 3):
 PSYoungGen      total 3584K, used 544K [0x00000000d5580000, 0x00000000d5a00000, 0x0000000100000000)
  eden space 2560K, 0% used [0x00000000d5580000,0x00000000d5580000,0x00000000d5800000)
  from space 1024K, 53% used [0x00000000d5800000,0x00000000d5888000,0x00000000d5900000)
  to   space 1024K, 0% used [0x00000000d5900000,0x00000000d5900000,0x00000000d5a00000)
 ParOldGen       total 844800K, used 844698K [0x0000000080000000, 0x00000000b3900000, 0x00000000d5580000)
  object space 844800K, 99% used [0x0000000080000000,0x00000000b38e69d8,0x00000000b3900000)
 Metaspace       used 75765K, committed 77376K, reserved 1179648K
  class space    used 7901K, committed 8576K, reserved 1048576K
}
Event: 254.855 GC heap before
{Heap before GC invocations=1467 (full 3):
 PSYoungGen      total 3584K, used 3104K [0x00000000d5580000, 0x00000000d5a00000, 0x0000000100000000)
  eden space 2560K, 100% used [0x00000000d5580000,0x00000000d5800000,0x00000000d5800000)
  from space 1024K, 53% used [0x00000000d5800000,0x00000000d5888000,0x00000000d5900000)
  to   space 1024K, 0% used [0x00000000d5900000,0x00000000d5900000,0x00000000d5a00000)
 ParOldGen       total 844800K, used 844698K [0x0000000080000000, 0x00000000b3900000, 0x00000000d5580000)
  object space 844800K, 99% used [0x0000000080000000,0x00000000b38e69d8,0x00000000b3900000)
 Metaspace       used 75803K, committed 77440K, reserved 1179648K
  class space    used 7901K, committed 8576K, reserved 1048576K
}
Event: 254.865 GC heap after
{Heap after GC invocations=1467 (full 3):
 PSYoungGen      total 3584K, used 480K [0x00000000d5580000, 0x00000000d5a00000, 0x0000000100000000)
  eden space 2560K, 0% used [0x00000000d5580000,0x00000000d5580000,0x00000000d5800000)
  from space 1024K, 46% used [0x00000000d5900000,0x00000000d5978000,0x00000000d5a00000)
  to   space 1024K, 0% used [0x00000000d5800000,0x00000000d5800000,0x00000000d5900000)
 ParOldGen       total 845312K, used 844954K [0x0000000080000000, 0x00000000b3980000, 0x00000000d5580000)
  object space 845312K, 99% used [0x0000000080000000,0x00000000b39269d8,0x00000000b3980000)
 Metaspace       used 75803K, committed 77440K, reserved 1179648K
  class space    used 7901K, committed 8576K, reserved 1048576K
}
Event: 254.910 GC heap before
{Heap before GC invocations=1468 (full 3):
 PSYoungGen      total 3584K, used 3040K [0x00000000d5580000, 0x00000000d5a00000, 0x0000000100000000)
  eden space 2560K, 100% used [0x00000000d5580000,0x00000000d5800000,0x00000000d5800000)
  from space 1024K, 46% used [0x00000000d5900000,0x00000000d5978000,0x00000000d5a00000)
  to   space 1024K, 0% used [0x00000000d5800000,0x00000000d5800000,0x00000000d5900000)
 ParOldGen       total 845312K, used 844954K [0x0000000080000000, 0x00000000b3980000, 0x00000000d5580000)
  object space 845312K, 99% used [0x0000000080000000,0x00000000b39269d8,0x00000000b3980000)
 Metaspace       used 75809K, committed 77440K, reserved 1179648K
  class space    used 7901K, committed 8576K, reserved 1048576K
}
Event: 254.915 GC heap after
{Heap after GC invocations=1468 (full 3):
 PSYoungGen      total 3584K, used 288K [0x00000000d5580000, 0x00000000d5980000, 0x0000000100000000)
  eden space 2560K, 0% used [0x00000000d5580000,0x00000000d5580000,0x00000000d5800000)
  from space 1024K, 28% used [0x00000000d5800000,0x00000000d5848000,0x00000000d5900000)
  to   space 512K, 0% used [0x00000000d5900000,0x00000000d5900000,0x00000000d5980000)
 ParOldGen       total 845312K, used 845204K [0x0000000080000000, 0x00000000b3980000, 0x00000000d5580000)
  object space 845312K, 99% used [0x0000000080000000,0x00000000b3965358,0x00000000b3980000)
 Metaspace       used 75809K, committed 77440K, reserved 1179648K
  class space    used 7901K, committed 8576K, reserved 1048576K
}

Dll operation events (14 events):
Event: 0.020 Loaded shared library c:\Users\krist\.vscode\extensions\redhat.java-1.54.0-win32-x64\jre\21.0.10-win32-x86_64\bin\java.dll
Event: 0.171 Loaded shared library c:\Users\krist\.vscode\extensions\redhat.java-1.54.0-win32-x64\jre\21.0.10-win32-x86_64\bin\zip.dll
Event: 0.216 Loaded shared library C:\Users\krist\.vscode\extensions\redhat.java-1.54.0-win32-x64\jre\21.0.10-win32-x86_64\bin\instrument.dll
Event: 0.227 Loaded shared library C:\Users\krist\.vscode\extensions\redhat.java-1.54.0-win32-x64\jre\21.0.10-win32-x86_64\bin\net.dll
Event: 0.232 Loaded shared library C:\Users\krist\.vscode\extensions\redhat.java-1.54.0-win32-x64\jre\21.0.10-win32-x86_64\bin\nio.dll
Event: 0.241 Loaded shared library C:\Users\krist\.vscode\extensions\redhat.java-1.54.0-win32-x64\jre\21.0.10-win32-x86_64\bin\zip.dll
Event: 0.287 Loaded shared library C:\Users\krist\.vscode\extensions\redhat.java-1.54.0-win32-x64\jre\21.0.10-win32-x86_64\bin\jimage.dll
Event: 0.454 Loaded shared library c:\Users\krist\.vscode\extensions\redhat.java-1.54.0-win32-x64\jre\21.0.10-win32-x86_64\bin\verify.dll
Event: 3.247 Loaded shared library C:\Users\krist\AppData\Roaming\Code\User\globalStorage\redhat.java\1.54.0\config_win\org.eclipse.equinox.launcher\org.eclipse.equinox.launcher.win32.win32.x86_64_1.3.0.v20260203-2149\eclipse_11919.dll
Event: 8.611 Loaded shared library C:\Users\krist\.vscode\extensions\redhat.java-1.54.0-win32-x64\jre\21.0.10-win32-x86_64\bin\management.dll
Event: 8.617 Loaded shared library C:\Users\krist\.vscode\extensions\redhat.java-1.54.0-win32-x64\jre\21.0.10-win32-x86_64\bin\management_ext.dll
Event: 12.285 Loaded shared library C:\Users\krist\AppData\Local\Temp\jna-102317507\jna4398894586034596257.dll
Event: 13.204 Loaded shared library C:\Users\krist\.vscode\extensions\redhat.java-1.54.0-win32-x64\jre\21.0.10-win32-x86_64\bin\sunmscapi.dll
Event: 13.397 Loaded shared library C:\Users\krist\.vscode\extensions\redhat.java-1.54.0-win32-x64\jre\21.0.10-win32-x86_64\bin\extnet.dll

Deoptimization events (20 events):
Event: 253.846 Thread 0x0000018d79aab500 DEOPT PACKING pc=0x0000018d4d795513 sp=0x0000001c745fdbb0
Event: 253.846 Thread 0x0000018d79aab500 DEOPT UNPACKING pc=0x0000018d53324242 sp=0x0000001c745fd060 mode 0
Event: 253.906 Thread 0x0000018d79aab500 DEOPT PACKING pc=0x0000018d4dff9a22 sp=0x0000001c745fd400
Event: 253.906 Thread 0x0000018d79aab500 DEOPT UNPACKING pc=0x0000018d53324242 sp=0x0000001c745fc998 mode 0
Event: 253.986 Thread 0x0000018d79aab500 DEOPT PACKING pc=0x0000018d4da8bf4b sp=0x0000001c745fe7c0
Event: 253.986 Thread 0x0000018d79aab500 DEOPT UNPACKING pc=0x0000018d53324242 sp=0x0000001c745fdd28 mode 0
Event: 254.094 Thread 0x0000018d79aab500 DEOPT PACKING pc=0x0000018d4d815165 sp=0x0000001c745fdd50
Event: 254.094 Thread 0x0000018d79aab500 DEOPT UNPACKING pc=0x0000018d53324242 sp=0x0000001c745fd260 mode 0
Event: 254.456 Thread 0x0000018d69f37ca0 DEOPT PACKING pc=0x0000018d4d4d219f sp=0x0000001c782fd130
Event: 254.457 Thread 0x0000018d69f37ca0 DEOPT UNPACKING pc=0x0000018d53324242 sp=0x0000001c782fc640 mode 0
Event: 254.508 Thread 0x0000018d79aab500 DEOPT PACKING pc=0x0000018d4dff9a22 sp=0x0000001c745fe0a0
Event: 254.508 Thread 0x0000018d79aab500 DEOPT UNPACKING pc=0x0000018d53324242 sp=0x0000001c745fd618 mode 0
Event: 254.521 Thread 0x0000018d79aab500 DEOPT PACKING pc=0x0000018d4d806f47 sp=0x0000001c745fe4f0
Event: 254.521 Thread 0x0000018d79aab500 DEOPT UNPACKING pc=0x0000018d53324242 sp=0x0000001c745fda08 mode 0
Event: 254.633 Thread 0x0000018d69f37ca0 DEOPT PACKING pc=0x0000018d4d4d219f sp=0x0000001c782fd130
Event: 254.633 Thread 0x0000018d69f37ca0 DEOPT UNPACKING pc=0x0000018d53324242 sp=0x0000001c782fc640 mode 0
Event: 254.909 Thread 0x0000018d69f37ca0 DEOPT PACKING pc=0x0000018d4d4d219f sp=0x0000001c782fcef0
Event: 254.909 Thread 0x0000018d69f37ca0 DEOPT UNPACKING pc=0x0000018d53324242 sp=0x0000001c782fc400 mode 0
Event: 255.690 Thread 0x0000018d6669cf50 DEOPT PACKING pc=0x0000018d4d8ba9e9 sp=0x0000001c770fdef0
Event: 255.690 Thread 0x0000018d6669cf50 DEOPT UNPACKING pc=0x0000018d53324242 sp=0x0000001c770fd3c8 mode 0

Classes loaded (20 events):
Event: 32.941 Loading class java/util/stream/ReduceOps$4
Event: 32.942 Loading class java/util/stream/ReduceOps$4 done
Event: 32.947 Loading class java/util/stream/ReduceOps$4ReducingSink
Event: 32.948 Loading class java/util/stream/ReduceOps$4ReducingSink done
Event: 32.959 Loading class java/nio/file/Files$2
Event: 32.959 Loading class java/nio/file/Files$2 done
Event: 34.429 Loading class jdk/internal/module/IllegalAccessLogger
Event: 34.429 Loading class jdk/internal/module/IllegalAccessLogger done
Event: 34.457 Loading class java/util/concurrent/ArrayBlockingQueue
Event: 34.460 Loading class java/util/concurrent/ArrayBlockingQueue done
Event: 34.682 Loading class java/util/Hashtable$ValueCollection
Event: 34.684 Loading class java/util/Hashtable$ValueCollection done
Event: 34.741 Loading class java/util/concurrent/ConcurrentHashMap$KeySpliterator
Event: 34.741 Loading class java/util/concurrent/ConcurrentHashMap$KeySpliterator done
Event: 37.123 Loading class jdk/internal/module/IllegalAccessLogger
Event: 37.123 Loading class jdk/internal/module/IllegalAccessLogger done
Event: 38.125 Loading class java/io/CharArrayWriter
Event: 38.126 Loading class java/io/CharArrayWriter done
Event: 248.000 Loading class java/io/SequenceInputStream
Event: 248.002 Loading class java/io/SequenceInputStream done

Classes unloaded (18 events):
Event: 10.278 Thread 0x0000018d5f634540 Unloading class 0x0000018d011ad000 'java/lang/invoke/LambdaForm$MH+0x0000018d011ad000'
Event: 10.278 Thread 0x0000018d5f634540 Unloading class 0x0000018d011acc00 'java/lang/invoke/LambdaForm$MH+0x0000018d011acc00'
Event: 10.278 Thread 0x0000018d5f634540 Unloading class 0x0000018d011ac800 'java/lang/invoke/LambdaForm$MH+0x0000018d011ac800'
Event: 10.278 Thread 0x0000018d5f634540 Unloading class 0x0000018d011ac400 'java/lang/invoke/LambdaForm$MH+0x0000018d011ac400'
Event: 10.278 Thread 0x0000018d5f634540 Unloading class 0x0000018d011ac000 'java/lang/invoke/LambdaForm$BMH+0x0000018d011ac000'
Event: 10.278 Thread 0x0000018d5f634540 Unloading class 0x0000018d011abc00 'java/lang/invoke/LambdaForm$DMH+0x0000018d011abc00'
Event: 10.278 Thread 0x0000018d5f634540 Unloading class 0x0000018d011aa800 'java/lang/invoke/LambdaForm$DMH+0x0000018d011aa800'
Event: 12.771 Thread 0x0000018d5f634540 Unloading class 0x0000018d012e8400 'java/lang/invoke/LambdaForm$MH+0x0000018d012e8400'
Event: 12.771 Thread 0x0000018d5f634540 Unloading class 0x0000018d012e7800 'java/lang/invoke/LambdaForm$MH+0x0000018d012e7800'
Event: 12.771 Thread 0x0000018d5f634540 Unloading class 0x0000018d012e3800 'java/lang/invoke/LambdaForm$MH+0x0000018d012e3800'
Event: 12.771 Thread 0x0000018d5f634540 Unloading class 0x0000018d012e3000 'java/lang/invoke/LambdaForm$MH+0x0000018d012e3000'
Event: 12.771 Thread 0x0000018d5f634540 Unloading class 0x0000018d012e2c00 'java/lang/invoke/LambdaForm$MH+0x0000018d012e2c00'
Event: 12.771 Thread 0x0000018d5f634540 Unloading class 0x0000018d012e2000 'java/lang/invoke/LambdaForm$MH+0x0000018d012e2000'
Event: 12.771 Thread 0x0000018d5f634540 Unloading class 0x0000018d012e1000 'java/lang/invoke/LambdaForm$MH+0x0000018d012e1000'
Event: 26.587 Thread 0x0000018d5f634540 Unloading class 0x0000018d01652c00 'java/lang/invoke/LambdaForm$DMH+0x0000018d01652c00'
Event: 26.587 Thread 0x0000018d5f634540 Unloading class 0x0000018d01652800 'java/lang/invoke/LambdaForm$DMH+0x0000018d01652800'
Event: 26.587 Thread 0x0000018d5f634540 Unloading class 0x0000018d01652400 'java/lang/invoke/LambdaForm$DMH+0x0000018d01652400'
Event: 26.587 Thread 0x0000018d5f634540 Unloading class 0x0000018d01652000 'java/lang/invoke/LambdaForm$DMH+0x0000018d01652000'

Classes redefined (0 events):
No events

Internal exceptions (20 events):
Event: 92.109 Thread 0x0000018d6669f6b0 Exception <a 'sun/nio/fs/WindowsException'{0x00000000d56530d8}> (0x00000000d56530d8) 
thrown [s\src\hotspot\share\prims\jni.cpp, line 520]
Event: 92.258 Thread 0x0000018d6669f6b0 Exception <a 'sun/nio/fs/WindowsException'{0x00000000d5707850}> (0x00000000d5707850) 
thrown [s\src\hotspot\share\prims\jni.cpp, line 520]
Event: 92.334 Thread 0x0000018d6669f6b0 Exception <a 'sun/nio/fs/WindowsException'{0x00000000d573b708}> (0x00000000d573b708) 
thrown [s\src\hotspot\share\prims\jni.cpp, line 520]
Event: 92.914 Thread 0x0000018d6669f6b0 Exception <a 'sun/nio/fs/WindowsException'{0x00000000d5583e20}> (0x00000000d5583e20) 
thrown [s\src\hotspot\share\prims\jni.cpp, line 520]
Event: 93.128 Thread 0x0000018d6669f6b0 Exception <a 'sun/nio/fs/WindowsException'{0x00000000d5730760}> (0x00000000d5730760) 
thrown [s\src\hotspot\share\prims\jni.cpp, line 520]
Event: 93.284 Thread 0x0000018d6669f6b0 Exception <a 'sun/nio/fs/WindowsException'{0x00000000d567f340}> (0x00000000d567f340) 
thrown [s\src\hotspot\share\prims\jni.cpp, line 520]
Event: 93.869 Thread 0x0000018d6669f6b0 Exception <a 'sun/nio/fs/WindowsException'{0x00000000d56cadb8}> (0x00000000d56cadb8) 
thrown [s\src\hotspot\share\prims\jni.cpp, line 520]
Event: 94.027 Thread 0x0000018d6669f6b0 Exception <a 'sun/nio/fs/WindowsException'{0x00000000d569ebc8}> (0x00000000d569ebc8) 
thrown [s\src\hotspot\share\prims\jni.cpp, line 520]
Event: 94.185 Thread 0x0000018d6669f6b0 Exception <a 'sun/nio/fs/WindowsException'{0x00000000d56711d0}> (0x00000000d56711d0) 
thrown [s\src\hotspot\share\prims\jni.cpp, line 520]
Event: 94.269 Thread 0x0000018d6669f6b0 Exception <a 'sun/nio/fs/WindowsException'{0x00000000d56d99c8}> (0x00000000d56d99c8) 
thrown [s\src\hotspot\share\prims\jni.cpp, line 520]
Event: 94.397 Thread 0x0000018d6669f6b0 Exception <a 'sun/nio/fs/WindowsException'{0x00000000d5615308}> (0x00000000d5615308) 
thrown [s\src\hotspot\share\prims\jni.cpp, line 520]
Event: 94.503 Thread 0x0000018d6669f6b0 Exception <a 'sun/nio/fs/WindowsException'{0x00000000d56c4b60}> (0x00000000d56c4b60) 
thrown [s\src\hotspot\share\prims\jni.cpp, line 520]
Event: 95.415 Thread 0x0000018d6669f6b0 Exception <a 'sun/nio/fs/WindowsException'{0x00000000d56b5210}> (0x00000000d56b5210) 
thrown [s\src\hotspot\share\prims\jni.cpp, line 520]
Event: 95.556 Thread 0x0000018d6669f6b0 Exception <a 'sun/nio/fs/WindowsException'{0x00000000d57929b8}> (0x00000000d57929b8) 
thrown [s\src\hotspot\share\prims\jni.cpp, line 520]
Event: 96.118 Thread 0x0000018d6669f6b0 Exception <a 'sun/nio/fs/WindowsException'{0x00000000d561a1c0}> (0x00000000d561a1c0) 
thrown [s\src\hotspot\share\prims\jni.cpp, line 520]
Event: 96.301 Thread 0x0000018d6669f6b0 Exception <a 'sun/nio/fs/WindowsException'{0x00000000d55d7df8}> (0x00000000d55d7df8) 
thrown [s\src\hotspot\share\prims\jni.cpp, line 520]
Event: 118.923 Thread 0x0000018d69f37ca0 Exception <a 'java/lang/IncompatibleClassChangeError'{0x00000000d5598e00}: Found class java.lang.Object, but interface was expected> (0x00000000d5598e00) 
thrown [s\src\hotspot\share\interpreter\linkResolver.cpp, line 840]
Event: 121.127 Thread 0x0000018d677b8ac0 Exception <a 'java/lang/IncompatibleClassChangeError'{0x00000000d5696058}: Found class java.lang.Object, but interface was expected> (0x00000000d5696058) 
thrown [s\src\hotspot\share\interpreter\linkResolver.cpp, line 840]
Event: 122.337 Thread 0x0000018d677b8ac0 Implicit null exception at 0x0000018d5441e99c to 0x0000018d5441f7d8
Event: 249.624 Thread 0x0000018d6669cf50 Exception <a 'java/lang/NoSuchMethodError'{0x00000000d5667a68}: 'java.lang.Object java.lang.invoke.DirectMethodHandle$Holder.invokeSpecial(java.lang.Object, java.lang.Object, int, long)'> (0x00000000d5667a68) 
thrown [s\src\hotspot\share\interpreter\linkResolver.cpp, line 773]

ZGC Phase Switch (0 events):
No events

VM Operations (20 events):
Event: 254.439 Executing non-safepoint VM operation: HandshakeAllThreads (Deoptimize) done
Event: 254.462 Executing safepoint VM operation: ParallelGCFailedAllocation (Allocation Failure)
Event: 254.465 Executing safepoint VM operation: ParallelGCFailedAllocation (Allocation Failure) done
Event: 254.510 Executing safepoint VM operation: ParallelGCFailedAllocation (Allocation Failure)
Event: 254.513 Executing safepoint VM operation: ParallelGCFailedAllocation (Allocation Failure) done
Event: 254.536 Executing safepoint VM operation: ParallelGCFailedAllocation (Allocation Failure)
Event: 254.540 Executing safepoint VM operation: ParallelGCFailedAllocation (Allocation Failure) done
Event: 254.551 Executing safepoint VM operation: ParallelGCFailedAllocation (Allocation Failure)
Event: 254.566 Executing safepoint VM operation: ParallelGCFailedAllocation (Allocation Failure) done
Event: 254.585 Executing safepoint VM operation: ParallelGCFailedAllocation (Allocation Failure)
Event: 254.593 Executing safepoint VM operation: ParallelGCFailedAllocation (Allocation Failure) done
Event: 254.605 Executing safepoint VM operation: ParallelGCFailedAllocation (Allocation Failure)
Event: 254.614 Executing safepoint VM operation: ParallelGCFailedAllocation (Allocation Failure) done
Event: 254.642 Executing safepoint VM operation: ParallelGCFailedAllocation (Allocation Failure)
Event: 254.647 Executing safepoint VM operation: ParallelGCFailedAllocation (Allocation Failure) done
Event: 254.855 Executing safepoint VM operation: ParallelGCFailedAllocation (Allocation Failure)
Event: 254.865 Executing safepoint VM operation: ParallelGCFailedAllocation (Allocation Failure) done
Event: 254.909 Executing safepoint VM operation: ParallelGCFailedAllocation (Allocation Failure)
Event: 254.915 Executing safepoint VM operation: ParallelGCFailedAllocation (Allocation Failure) done
Event: 255.915 Executing safepoint VM operation: Cleanup

Memory protections (0 events):
No events

Nmethod flushes (20 events):
Event: 26.637 Thread 0x0000018d5f634540 flushing  nmethod 0x0000018d4c6b2c90
Event: 26.637 Thread 0x0000018d5f634540 flushing  nmethod 0x0000018d4c6b3090
Event: 26.637 Thread 0x0000018d5f634540 flushing  nmethod 0x0000018d4c6b3510
Event: 26.637 Thread 0x0000018d5f634540 flushing  nmethod 0x0000018d4c6ba310
Event: 26.637 Thread 0x0000018d5f634540 flushing  nmethod 0x0000018d4c6bb790
Event: 26.637 Thread 0x0000018d5f634540 flushing  nmethod 0x0000018d4c6bc690
Event: 26.637 Thread 0x0000018d5f634540 flushing  nmethod 0x0000018d4c6bd390
Event: 26.637 Thread 0x0000018d5f634540 flushing  nmethod 0x0000018d4c6bd790
Event: 26.637 Thread 0x0000018d5f634540 flushing  nmethod 0x0000018d4c6c4690
Event: 26.637 Thread 0x0000018d5f634540 flushing  nmethod 0x0000018d4c6c5910
Event: 26.637 Thread 0x0000018d5f634540 flushing  nmethod 0x0000018d4c6c5d10
Event: 26.637 Thread 0x0000018d5f634540 flushing  nmethod 0x0000018d4c6c6190
Event: 26.637 Thread 0x0000018d5f634540 flushing  nmethod 0x0000018d4c6c6790
Event: 26.637 Thread 0x0000018d5f634540 flushing  nmethod 0x0000018d4c6c6b90
Event: 26.637 Thread 0x0000018d5f634540 flushing  nmethod 0x0000018d4c6c8110
Event: 26.637 Thread 0x0000018d5f634540 flushing osr nmethod 0x0000018d4c6dfc90
Event: 26.637 Thread 0x0000018d5f634540 flushing  nmethod 0x0000018d4c703d10
Event: 26.637 Thread 0x0000018d5f634540 flushing  nmethod 0x0000018d4c71d090
Event: 26.637 Thread 0x0000018d5f634540 flushing  nmethod 0x0000018d4c71d910
Event: 26.637 Thread 0x0000018d5f634540 flushing  nmethod 0x0000018d4c721510

Events (20 events):
Event: 99.096 Thread 0x0000018d6602aed0 Thread exited: 0x0000018d6602aed0
Event: 121.271 Thread 0x0000018d48c5d730 Thread added: 0x0000018d6602aed0
Event: 122.283 Thread 0x0000018d48c5d730 Thread added: 0x0000018d6602bc70
Event: 127.968 Thread 0x0000018d6602bc70 Thread exited: 0x0000018d6602bc70
Event: 129.273 Thread 0x0000018d6602aed0 Thread exited: 0x0000018d6602aed0
Event: 156.177 Thread 0x0000018d6669fd40 Thread exited: 0x0000018d6669fd40
Event: 156.177 Thread 0x0000018d6669f020 Thread exited: 0x0000018d6669f020
Event: 156.345 Thread 0x0000018d6669e990 Thread exited: 0x0000018d6669e990
Event: 156.347 Thread 0x0000018d6669e300 Thread exited: 0x0000018d6669e300
Event: 157.033 Thread 0x0000018d677bc5d0 Thread exited: 0x0000018d677bc5d0
Event: 182.716 Thread 0x0000018d677b8ac0 Thread exited: 0x0000018d677b8ac0
Event: 217.043 Thread 0x0000018d677ba500 Thread exited: 0x0000018d677ba500
Event: 242.725 Thread 0x0000018d79aaae70 Thread exited: 0x0000018d79aaae70
Event: 248.365 Thread 0x0000018d609be4f0 Thread added: 0x0000018d6602bc70
Event: 248.804 Thread 0x0000018d6602bc70 Thread exited: 0x0000018d6602bc70
Event: 249.141 Thread 0x0000018d609be4f0 Thread added: 0x0000018d6602aed0
Event: 249.583 Thread 0x0000018d6602aed0 Thread exited: 0x0000018d6602aed0
Event: 250.609 Thread 0x0000018d48c5d730 Thread added: 0x0000018d6602aed0
Event: 250.737 Thread 0x0000018d6602aed0 Thread exited: 0x0000018d6602aed0
Event: 252.316 Thread 0x0000018d6669d5e0 Thread added: 0x0000018d79aab500


Dynamic libraries:
0x00007ff60d800000 - 0x00007ff60d80e000 	c:\Users\krist\.vscode\extensions\redhat.java-1.54.0-win32-x64\jre\21.0.10-win32-x86_64\bin\java.exe
0x00007ffe23a60000 - 0x00007ffe23cc7000 	C:\WINDOWS\SYSTEM32\ntdll.dll
0x00007ffe21c20000 - 0x00007ffe21ce9000 	C:\WINDOWS\System32\KERNEL32.DLL
0x00007ffe203c0000 - 0x00007ffe207b4000 	C:\WINDOWS\System32\KERNELBASE.dll
0x00007ffe207f0000 - 0x00007ffe2093b000 	C:\WINDOWS\System32\ucrtbase.dll
0x00007ffdfaf70000 - 0x00007ffdfaf88000 	c:\Users\krist\.vscode\extensions\redhat.java-1.54.0-win32-x64\jre\21.0.10-win32-x86_64\bin\jli.dll
0x00007ffdfaf90000 - 0x00007ffdfafae000 	c:\Users\krist\.vscode\extensions\redhat.java-1.54.0-win32-x64\jre\21.0.10-win32-x86_64\bin\VCRUNTIME140.dll
0x00007ffe21950000 - 0x00007ffe21b15000 	C:\WINDOWS\System32\USER32.dll
0x00007ffe0d1c0000 - 0x00007ffe0d453000 	C:\WINDOWS\WinSxS\amd64_microsoft.windows.common-controls_6595b64144ccf1df_6.0.26100.8115_none_3e075c82e3354f9c\COMCTL32.dll
0x00007ffe207c0000 - 0x00007ffe207e7000 	C:\WINDOWS\System32\win32u.dll
0x00007ffe22520000 - 0x00007ffe2254b000 	C:\WINDOWS\System32\GDI32.dll
0x00007ffe22550000 - 0x00007ffe225f9000 	C:\WINDOWS\System32\msvcrt.dll
0x00007ffe216c0000 - 0x00007ffe217eb000 	C:\WINDOWS\System32\gdi32full.dll
0x00007ffe20ac0000 - 0x00007ffe20b63000 	C:\WINDOWS\System32\msvcp_win.dll
0x00007ffe22c30000 - 0x00007ffe22c62000 	C:\WINDOWS\System32\IMM32.DLL
0x00007ffdfaf60000 - 0x00007ffdfaf6c000 	c:\Users\krist\.vscode\extensions\redhat.java-1.54.0-win32-x64\jre\21.0.10-win32-x86_64\bin\vcruntime140_1.dll
0x00007ffdee090000 - 0x00007ffdee11d000 	c:\Users\krist\.vscode\extensions\redhat.java-1.54.0-win32-x64\jre\21.0.10-win32-x86_64\bin\msvcp140.dll
0x00007ffd698e0000 - 0x00007ffd6a681000 	c:\Users\krist\.vscode\extensions\redhat.java-1.54.0-win32-x64\jre\21.0.10-win32-x86_64\bin\server\jvm.dll
0x00007ffe21b60000 - 0x00007ffe21c16000 	C:\WINDOWS\System32\ADVAPI32.dll
0x00007ffe23230000 - 0x00007ffe232d7000 	C:\WINDOWS\System32\sechost.dll
0x00007ffe22600000 - 0x00007ffe22718000 	C:\WINDOWS\System32\RPCRT4.dll
0x00007ffe23100000 - 0x00007ffe23180000 	C:\WINDOWS\System32\WS2_32.dll
0x00007ffe20190000 - 0x00007ffe201ee000 	C:\WINDOWS\SYSTEM32\POWRPROF.dll
0x00007ffe19800000 - 0x00007ffe19836000 	C:\WINDOWS\SYSTEM32\WINMM.dll
0x00007ffe19840000 - 0x00007ffe1984b000 	C:\WINDOWS\SYSTEM32\VERSION.dll
0x00007ffe20170000 - 0x00007ffe20184000 	C:\WINDOWS\SYSTEM32\UMPDC.dll
0x00007ffe1f0c0000 - 0x00007ffe1f0db000 	C:\WINDOWS\SYSTEM32\kernel.appcore.dll
0x00007ffdfaf50000 - 0x00007ffdfaf5a000 	c:\Users\krist\.vscode\extensions\redhat.java-1.54.0-win32-x64\jre\21.0.10-win32-x86_64\bin\jimage.dll
0x00007ffe12820000 - 0x00007ffe12a62000 	C:\WINDOWS\SYSTEM32\DBGHELP.DLL
0x00007ffe23690000 - 0x00007ffe23a12000 	C:\WINDOWS\System32\combase.dll
0x00007ffe22c70000 - 0x00007ffe22d48000 	C:\WINDOWS\System32\OLEAUT32.dll
0x00007ffe04c60000 - 0x00007ffe04c9b000 	C:\WINDOWS\SYSTEM32\dbgcore.DLL
0x00007ffe213e0000 - 0x00007ffe21485000 	C:\WINDOWS\System32\bcryptPrimitives.dll
0x00007ffdfaef0000 - 0x00007ffdfaeff000 	c:\Users\krist\.vscode\extensions\redhat.java-1.54.0-win32-x64\jre\21.0.10-win32-x86_64\bin\instrument.dll
0x00007ffd6c0c0000 - 0x00007ffd6c0e0000 	c:\Users\krist\.vscode\extensions\redhat.java-1.54.0-win32-x64\jre\21.0.10-win32-x86_64\bin\java.dll
0x00007ffe21cf0000 - 0x00007ffe22457000 	C:\WINDOWS\System32\SHELL32.dll
0x00007ffe21550000 - 0x00007ffe216ba000 	C:\WINDOWS\System32\wintypes.dll
0x00007ffe20b70000 - 0x00007ffe213d8000 	C:\WINDOWS\System32\windows.storage.dll
0x00007ffe22f00000 - 0x00007ffe22ff8000 	C:\WINDOWS\System32\SHCORE.dll
0x00007ffe224b0000 - 0x00007ffe22516000 	C:\WINDOWS\System32\shlwapi.dll
0x00007ffe20250000 - 0x00007ffe20279000 	C:\WINDOWS\SYSTEM32\profapi.dll
0x00007ffdfaf30000 - 0x00007ffdfaf48000 	c:\Users\krist\.vscode\extensions\redhat.java-1.54.0-win32-x64\jre\21.0.10-win32-x86_64\bin\zip.dll
0x00007ffe15950000 - 0x00007ffe15960000 	C:\Users\krist\.vscode\extensions\redhat.java-1.54.0-win32-x64\jre\21.0.10-win32-x86_64\bin\net.dll
0x00007ffe19380000 - 0x00007ffe194ad000 	C:\WINDOWS\SYSTEM32\WINHTTP.dll
0x00007ffe1f630000 - 0x00007ffe1f69c000 	C:\WINDOWS\system32\mswsock.dll
0x00007ffdfaf10000 - 0x00007ffdfaf26000 	C:\Users\krist\.vscode\extensions\redhat.java-1.54.0-win32-x64\jre\21.0.10-win32-x86_64\bin\nio.dll
0x00007ffdfaf00000 - 0x00007ffdfaf10000 	c:\Users\krist\.vscode\extensions\redhat.java-1.54.0-win32-x64\jre\21.0.10-win32-x86_64\bin\verify.dll
0x00007ffdedff0000 - 0x00007ffdee035000 	C:\Users\krist\AppData\Roaming\Code\User\globalStorage\redhat.java\1.54.0\config_win\org.eclipse.equinox.launcher\org.eclipse.equinox.launcher.win32.win32.x86_64_1.3.0.v20260203-2149\eclipse_11919.dll
0x00007ffe22d50000 - 0x00007ffe22ee7000 	C:\WINDOWS\System32\ole32.dll
0x00007ffdfaee0000 - 0x00007ffdfaeea000 	C:\Users\krist\.vscode\extensions\redhat.java-1.54.0-win32-x64\jre\21.0.10-win32-x86_64\bin\management.dll
0x00007ffdfa950000 - 0x00007ffdfa95c000 	C:\Users\krist\.vscode\extensions\redhat.java-1.54.0-win32-x64\jre\21.0.10-win32-x86_64\bin\management_ext.dll
0x00007ffe21b20000 - 0x00007ffe21b28000 	C:\WINDOWS\System32\PSAPI.DLL
0x00007ffe1f910000 - 0x00007ffe1f92b000 	C:\WINDOWS\SYSTEM32\CRYPTSP.dll
0x00007ffe1f020000 - 0x00007ffe1f059000 	C:\WINDOWS\system32\rsaenh.dll
0x00007ffe1f6e0000 - 0x00007ffe1f713000 	C:\WINDOWS\SYSTEM32\USERENV.dll
0x00007ffe20220000 - 0x00007ffe2024a000 	C:\WINDOWS\SYSTEM32\bcrypt.dll
0x00007ffe1f930000 - 0x00007ffe1f93c000 	C:\WINDOWS\SYSTEM32\CRYPTBASE.dll
0x00007ffe1eaa0000 - 0x00007ffe1ead2000 	C:\WINDOWS\SYSTEM32\IPHLPAPI.DLL
0x00007ffe22c20000 - 0x00007ffe22c2a000 	C:\WINDOWS\System32\NSI.dll
0x00007ffde9870000 - 0x00007ffde98b9000 	C:\Users\krist\AppData\Local\Temp\jna-102317507\jna4398894586034596257.dll
0x00007ffe19cf0000 - 0x00007ffe19d0d000 	C:\WINDOWS\SYSTEM32\dhcpcsvc6.DLL
0x00007ffe19cc0000 - 0x00007ffe19ce5000 	C:\WINDOWS\SYSTEM32\dhcpcsvc.DLL
0x00007ffdf98a0000 - 0x00007ffdf98ae000 	C:\Users\krist\.vscode\extensions\redhat.java-1.54.0-win32-x64\jre\21.0.10-win32-x86_64\bin\sunmscapi.dll
0x00007ffe20940000 - 0x00007ffe20ab7000 	C:\WINDOWS\System32\CRYPT32.dll
0x00007ffe1fb30000 - 0x00007ffe1fb60000 	C:\WINDOWS\SYSTEM32\ncrypt.dll
0x00007ffe1fae0000 - 0x00007ffe1fb1f000 	C:\WINDOWS\SYSTEM32\NTASN1.dll
0x00007ffe1eb30000 - 0x00007ffe1ec62000 	C:\WINDOWS\SYSTEM32\DNSAPI.dll
0x00007ffe164e0000 - 0x00007ffe164eb000 	C:\Windows\System32\rasadhlp.dll
0x00007ffe1a530000 - 0x00007ffe1a5b6000 	C:\WINDOWS\System32\fwpuclnt.dll
0x00007ffdf9890000 - 0x00007ffdf9899000 	C:\Users\krist\.vscode\extensions\redhat.java-1.54.0-win32-x64\jre\21.0.10-win32-x86_64\bin\extnet.dll

JVMTI agents:
c:\Users\krist\.vscode\extensions\redhat.java-1.54.0-win32-x64\lombok\lombok-1.18.39-4050.jar path:c:\Users\krist\.vscode\extensions\redhat.java-1.54.0-win32-x64\jre\21.0.10-win32-x86_64\bin\instrument.dll, loaded, initialized, instrumentlib options:none

dbghelp: loaded successfully - version: 4.0.5 - missing functions: none
symbol engine: initialized successfully - sym options: 0x614 - pdb path: .;c:\Users\krist\.vscode\extensions\redhat.java-1.54.0-win32-x64\jre\21.0.10-win32-x86_64\bin;C:\WINDOWS\SYSTEM32;C:\WINDOWS\WinSxS\amd64_microsoft.windows.common-controls_6595b64144ccf1df_6.0.26100.8115_none_3e075c82e3354f9c;c:\Users\krist\.vscode\extensions\redhat.java-1.54.0-win32-x64\jre\21.0.10-win32-x86_64\bin\server;C:\Users\krist\AppData\Roaming\Code\User\globalStorage\redhat.java\1.54.0\config_win\org.eclipse.equinox.launcher\org.eclipse.equinox.launcher.win32.win32.x86_64_1.3.0.v20260203-2149;C:\Users\krist\AppData\Local\Temp\jna-102317507

VM Arguments:
jvm_args: --add-modules=ALL-SYSTEM --add-opens=java.base/java.util=ALL-UNNAMED --add-opens=java.base/java.lang=ALL-UNNAMED --add-opens=java.base/sun.nio.fs=ALL-UNNAMED -Declipse.application=org.eclipse.jdt.ls.core.id1 -Dosgi.bundles.defaultStartLevel=4 -Declipse.product=org.eclipse.jdt.ls.core.product -Djava.import.generatesMetadataFilesAtProjectRoot=false -DDetectVMInstallationsJob.disabled=true -Dfile.encoding=utf8 -XX:+UseParallelGC -XX:GCTimeRatio=4 -XX:AdaptiveSizePolicyWeight=90 -Dsun.zip.disableMemoryMapping=true -Xmx2G -Xms100m -Xlog:disable -javaagent:c:\Users\krist\.vscode\extensions\redhat.java-1.54.0-win32-x64\lombok\lombok-1.18.39-4050.jar -XX:+HeapDumpOnOutOfMemoryError -XX:HeapDumpPath=c:\Users\krist\AppData\Roaming\Code\User\workspaceStorage\38a7f1b2e65007903dc2c9d534caed89\redhat.java -Daether.dependencyCollector.impl=bf 
java_command: c:\Users\krist\.vscode\extensions\redhat.java-1.54.0-win32-x64\server\plugins\org.eclipse.equinox.launcher_1.7.100.v20251111-0406.jar -configuration c:\Users\krist\AppData\Roaming\Code\User\globalStorage\redhat.java\1.54.0\config_win -data c:\Users\krist\AppData\Roaming\Code\User\workspaceStorage\38a7f1b2e65007903dc2c9d534caed89\redhat.java\jdt_ws --pipe=\\.\pipe\lsp-b19eed0e1c56894baa4fdbbf0ad98b04-sock
java_class_path (initial): c:\Users\krist\.vscode\extensions\redhat.java-1.54.0-win32-x64\server\plugins\org.eclipse.equinox.launcher_1.7.100.v20251111-0406.jar
Launcher Type: SUN_STANDARD

[Global flags]
    uintx AdaptiveSizePolicyWeight                 = 90                                        {product} {command line}
     intx CICompilerCount                          = 4                                         {product} {ergonomic}
    uintx GCTimeRatio                              = 4                                         {product} {command line}
     bool HeapDumpOnOutOfMemoryError               = true                                   {manageable} {command line}
    ccstr HeapDumpPath                             = c:\Users\krist\AppData\Roaming\Code\User\workspaceStorage\38a7f1b2e65007903dc2c9d534caed89\redhat.java         {manageable} {command line}
   size_t InitialHeapSize                          = 104857600                                 {product} {command line}
   size_t MaxHeapSize                              = 2147483648                                {product} {command line}
   size_t MaxNewSize                               = 715653120                                 {product} {ergonomic}
   size_t MinHeapDeltaBytes                        = 524288                                    {product} {ergonomic}
   size_t MinHeapSize                              = 104857600                                 {product} {command line}
   size_t NewSize                                  = 34603008                                  {product} {ergonomic}
    uintx NonNMethodCodeHeapSize                   = 5839372                                {pd product} {ergonomic}
    uintx NonProfiledCodeHeapSize                  = 122909434                              {pd product} {ergonomic}
   size_t OldSize                                  = 70254592                                  {product} {ergonomic}
    uintx ProfiledCodeHeapSize                     = 122909434                              {pd product} {ergonomic}
    uintx ReservedCodeCacheSize                    = 251658240                              {pd product} {ergonomic}
     bool SegmentedCodeCache                       = true                                      {product} {ergonomic}
   size_t SoftMaxHeapSize                          = 2147483648                             {manageable} {ergonomic}
     bool UseCompressedOops                        = true                           {product lp64_product} {ergonomic}
     bool UseLargePagesIndividualAllocation        = false                                  {pd product} {ergonomic}
     bool UseParallelGC                            = true                                      {product} {command line}

Logging:
Log output configuration:
 #0: stdout all=off uptime,level,tags foldmultilines=false
 #1: stderr all=off uptime,level,tags foldmultilines=false

Release file:
JAVA_VERSION="21.0.10" 
MODULES="java.base java.compiler java.datatransfer java.xml java.prefs java.desktop java.instrument java.logging java.management java.security.sasl java.naming java.rmi java.management.rmi java.net.http java.scripting java.security.jgss java.transaction.xa java.sql java.sql.rowset java.xml.crypto java.se java.smartcardio jdk.accessibility jdk.internal.jvmstat jdk.attach jdk.charsets jdk.internal.opt jdk.zipfs jdk.compiler jdk.crypto.ec jdk.crypto.cryptoki jdk.crypto.mscapi jdk.dynalink jdk.internal.ed jdk.editpad jdk.hotspot.agent jdk.httpserver jdk.internal.le jdk.internal.vm.ci jdk.internal.vm.compiler jdk.internal.vm.compiler.management jdk.jartool jdk.javadoc jdk.jcmd jdk.management jdk.management.agent jdk.jconsole jdk.jdeps jdk.jdwp.agent jdk.jdi jdk.jfr jdk.jshell jdk.jsobject jdk.jstatd jdk.localedata jdk.management.jfr jdk.naming.dns jdk.naming.rmi jdk.net jdk.nio.mapmode jdk.random jdk.sctp jdk.security.auth jdk.security.jgss jdk.unsupported jdk.unsupported.desktop jdk.xml.dom" 

Environment Variables:
JAVA_HOME=C:\Program Files\Java\jdk-18.0.1
PATH=C:\Python313\Scripts\;C:\Python313\;C:\Program Files\Microsoft SDKs\Azure\CLI2\wbin;C:\Program Files (x86)\Common Files\Intel\Shared Libraries\redist\intel64\compiler;C:\Program Files\Common Files\Oracle\Java\javapath;C:\Program Files (x86)\Common Files\Oracle\Java\javapath;C:\Windows\system32;C:\Windows;C:\Windows\System32\Wbem;C:\Windows\System32\WindowsPowerShell\v1.0\;C:\Windows\System32\OpenSSH\;C:\Program Files\Java\jdk-18.0.1\bin;C:\Program Files\Microsoft SQL Server\150\Tools\Binn\;C:\WINDOWS\system32;C:\WINDOWS;C:\WINDOWS\System32\Wbem;C:\WINDOWS\System32\WindowsPowerShell\v1.0\;C:\WINDOWS\System32\OpenSSH\;C:\ProgramData\chocolatey\bin;C:\sqlite3;C:\Program Files\Git\cmd;C:\Program Files\Git\mingw64\bin;C:\Program Files\Git\usr\bin;C:\Program Files\Microsoft SQL Server\Client SDK\ODBC\170\Tools\Binn\;C:\Program Files\PuTTY\;C:\Program Files (x86)\Microsoft SQL Server\160\Tools\Binn\;C:\Program Files\Microsoft SQL Server\160\Tools\Binn\;C:\Program Files\Microsoft SQL Server\160\DTS\Binn\;C:\Program Files (x86)\Microsoft SQL Server\160\DTS\Binn\;C:\Program Files\Amazon\AWSCLIV2\;C:\Program Files\nodejs\;C:\Program Files\Microsoft SQL Server\170\Tools\Binn\;C:\Program Files\cursor\resources\app\bin;C:\Program Files\Docker\Docker\resources\bin;C:\Program Files\dotnet\;C:\Python313\Scripts\;C:\Python313\;C:\Program Files\Microsoft SDKs\Azure\CLI2\wbin;C:\Program Files (x86)\Common Files\Intel\Shared Libraries\redist\intel64\compiler;C:\Program Files\Common Files\Oracle\Java\javapath;C:\Program Files (x86)\Common Files\Oracle\Java\javapath;C:\Windows\system32;C:\Windows;C:\Windows\System32\Wbem;C:\Windows\System32\WindowsPowerShell\v1.0\;C:\Windows\System32\OpenSSH\;C:\Program Files\Java\jdk-18.0.1\bin;C:\Program Files\Microsoft SQL Server\150\Tools\Binn\;C:\WINDOWS\system32;C:\WINDOWS;C:\WINDOWS\System32\Wbem;C:\WINDOWS\System32\WindowsPowerShell\v1.0\;C:\WINDOWS\System32\OpenSSH\;C:\ProgramData\chocolatey\bin;C:\sqlite3;C:\Program Files\Git\cmd;C:\Program Files\Git\mingw64\bin;C:\Program Files\Git\usr\bin;C:\Program Files\Microsoft SQL Server\Client SDK\ODBC\170\Tools\Binn\;C:\Program Files\PuTTY\;C:\Program Files (x86)\Microsoft SQL Server\160\Tools\Binn\;C:\Program Files\Microsoft SQL Server\160\Tools\Binn\;C:\Program Files\Microsoft SQL Server\160\DTS\Binn\;C:\Program F;C:\Users\krist\flutter\bin;C:\Users\krist\AppData\Local\Programs\Microsoft VS Code\bin;C:\Program Files\JetBrains\PyCharm 2025.3.1.1\bin;C:\Program Files\JetBrains\IntelliJ IDEA 2025.3.2\bin;C:\Users\krist\.dotnet\tools
USERNAME=krist
OS=Windows_NT
PROCESSOR_IDENTIFIER=AMD64 Family 23 Model 104 Stepping 1, AuthenticAMD
TMP=C:\Users\krist\AppData\Local\Temp
TEMP=C:\Users\krist\AppData\Local\Temp




Periodic native trim disabled

---------------  S Y S T E M  ---------------

OS:
 Windows 11 , 64 bit Build 26100 (10.0.26100.8246)
OS uptime: 0 days 0:07 hours
Hyper-V role detected

CPU: total 12 (initial active 12) (12 cores per cpu, 2 threads per core) family 23 model 104 stepping 1 microcode 0x8608103, cx8, cmov, fxsr, ht, mmx, 3dnowpref, sse, sse2, sse3, ssse3, sse4a, sse4.1, sse4.2, popcnt, lzcnt, tsc, tscinvbit, avx, avx2, aes, clmul, bmi1, bmi2, adx, sha, fma, vzeroupper, clflush, clflushopt, hv, rdtscp, rdpid, f16c
Processor Information for processor 0
  Max Mhz: 2100, Current Mhz: 1893, Mhz Limit: 2100
Processor Information for processor 1
  Max Mhz: 2100, Current Mhz: 1893, Mhz Limit: 2100
Processor Information for processor 2
  Max Mhz: 2100, Current Mhz: 1813, Mhz Limit: 2100
Processor Information for processor 3
  Max Mhz: 2100, Current Mhz: 1893, Mhz Limit: 2100
Processor Information for processor 4
  Max Mhz: 2100, Current Mhz: 1893, Mhz Limit: 2100
Processor Information for processor 5
  Max Mhz: 2100, Current Mhz: 1893, Mhz Limit: 2100
Processor Information for processor 6
  Max Mhz: 2100, Current Mhz: 1893, Mhz Limit: 2100
Processor Information for processor 7
  Max Mhz: 2100, Current Mhz: 1893, Mhz Limit: 2100
Processor Information for processor 8
  Max Mhz: 2100, Current Mhz: 1893, Mhz Limit: 2100
Processor Information for processor 9
  Max Mhz: 2100, Current Mhz: 1893, Mhz Limit: 2100
Processor Information for processor 10
  Max Mhz: 2100, Current Mhz: 1893, Mhz Limit: 2100
Processor Information for processor 11
  Max Mhz: 2100, Current Mhz: 1893, Mhz Limit: 2100

Memory: 4k page, system-wide physical 7563M (467M free)
TotalPageFile size 19298M (AvailPageFile size 2M)
current process WorkingSet (physical memory assigned to process): 261M, peak: 664M
current process commit charge ("private bytes"): 1202M, peak: 1202M

vm_info: OpenJDK 64-Bit Server VM (21.0.10+7-LTS) for windows-amd64 JRE (21.0.10+7-LTS), built on 2026-01-20T00:00:00Z by "admin" with MS VC++ 17.12 (VS2022)

END.
